// Jest Snapshot v1, https://goo.gl/fbAQLP

exports[`renders correctly 1`] = `
<div
  className="square borderb "
  onClick={null}
>
  <p
    className="no-select"
  />
</div>
`;
